// Vitest Snapshot v1, https://vitest.dev/guide/snapshot.html

exports[`IconWrapper component > renders icons to left and right of child element 1`] = `
<div>
  <div
    class="_iconWrapper_5d4a96"
  >
    <img
      alt="Chiikawa character icon"
      src="/src/assets/characterIcons/chiikawa-icon.png"
      style="margin-right: 12px;"
    />
    <button>
      I am a child!
    </button>
    <img
      alt="Chiikawa character icon"
      src="/src/assets/characterIcons/hachiware-icon.png"
      style="margin-left: 12px;"
    />
  </div>
</div>
`;
