// Vitest Snapshot v1, https://vitest.dev/guide/snapshot.html

exports[`Start page > renders title and games 1`] = `
<div>
  <header />
  <main>
    <section>
      <div
        class="_marginTopMedium_5890fc"
      >
        <div
          class="_iconWrapper_5d4a96"
        >
          <img
            alt="Chiikawa character icon"
            src="/src/assets/characterIcons/chiikawa-icon.png"
            style="height: 46px; width: 46px; margin-right: 12px;"
          />
          <h2
            class="_card_5890fc _title_5890fc"
          >
            Games
          </h2>
          <img
            alt="Chiikawa character icon"
            src="/src/assets/characterIcons/hachiware-icon.png"
            style="height: 46px; width: 46px; margin-left: 12px;"
          />
        </div>
      </div>
      <h3
        class="_marginTopSmall_5890fc _tutorial_eb2496"
      >
        Play a rousing game of I Spy with Chiikawa and friends! 
        <br />
        Can you spot all the cute critters?
      </h3>
      <ul
        class="_horizontalWrapper_5890fc _marginTopSmall_5890fc"
      >
        <li
          class="_card_5890fc _gameLink_eb2496"
        >
          <a
            class="_gameLinkContent_eb2496"
            data-discover="true"
            href="/games/1"
          >
            <img
              alt=""
              src="/src/assets/temp/chiikawa-wo-sagase.jpg"
            />
            <h3>
              Chiikawa Village
            </h3>
            <button
              class="_primaryButton_5890fc"
            >
              Start Game!
            </button>
          </a>
        </li>
        <li
          class="_card_5890fc _gameLink_eb2496"
        >
          <a
            class="_gameLinkContent_eb2496"
            data-discover="true"
            href="/games/3"
          >
            <img
              alt=""
              src="/src/assets/temp/chiikawa-wo-sagase.jpg"
            />
            <h3>
              Chiikawa Village - Hard
            </h3>
            <button
              class="_primaryButton_5890fc"
            >
              Start Game!
            </button>
          </a>
        </li>
      </ul>
    </section>
  </main>
</div>
`;
